{
  "checked_at": "2026-04-23T11:49:29.136Z",
  "server_id": "california",
  "region": "california",
  "role": "primary_factory_server",
  "ip_redacted": "134.199.xxx.xxx",
  "ssh_user": "root",
  "ssh_key_path_redacted": "C:\\Users\\<redacted>\\.ssh\\id_ed25519_do_auto",
  "ssh_alias": "do-mini-sfo3-01",
  "current_local_alias_present": false,
  "login_method": "direct_ip_with_private_key",
  "command_mode": "read_only",
  "commands_run": [
    "whoami",
    "id",
    "hostname",
    "uname",
    "uptime",
    "disk_usage",
    "memory",
    "node_version",
    "npm_version",
    "docker_version",
    "docker_compose_version",
    "nginx_version",
    "caddy_version"
  ],
  "connected": true,
  "whoami": "root",
  "id": "uid=0(root) gid=0(root) groups=0(root)",
  "hostname": "do-mini-sfo3-01",
  "uname": "Linux do-mini-sfo3-01 6.8.0-71-generic #71-Ubuntu SMP PREEMPT_DYNAMIC Tue Jul 22 16:52:38 UTC 2025 x86_64 x86_64 x86_64 GNU/Linux",
  "uptime": "11:49:44 up 1 day, 22:23,  2 users,  load average: 0.29, 0.21, 0.18",
  "disk_usage": "Filesystem      Size  Used Avail Use% Mounted on\ntmpfs            97M  1.5M   95M   2% /run\n/dev/vda1        24G   11G   13G  46% /\ntmpfs           481M     0  481M   0% /dev/shm\ntmpfs           5.0M     0  5.0M   0% /run/lock\n/dev/vda16      881M  117M  703M  15% /boot\n/dev/vda15      105M  6.2M   99M   6% /boot/efi\noverlay          24G   11G   13G  46% /var/lib/docker/rootfs/overlayfs/acef2aaf630c6af8648686e2f34e0ca19844f8262a5457408f41223b397f531b\noverlay          24G   11G   13G  46% /var/lib/docker/rootfs/overlayfs/9c8a9335464fb33a7c8d169187c63d8d969dc981297abba7dd2bff6c32dfabf1\noverlay          24G   11G   13G  46% /var/lib/docker/rootfs/overlayfs/43b71f42ba2f2382eb96a5014a2b833d7893d92507db0a634113da021d675fef\ntmpfs            97M   12K   97M   1% /run/user/0\noverlay          24G   11G   13G  46% /var/lib/docker/rootfs/overlayfs/adca6799318967789d2f26b313ac61079a5f36a6ff65ba381b705829e421d7b3\noverlay          24G   11G   13G  46% /var/lib/docker/rootfs/overlayfs/d4b57bc62ed3e4badf392cf8de242b34a425eae55f1cc43e3ec7ac5d87753e4c",
  "memory": "total        used        free      shared  buff/cache   available\nMem:             961         521         167          11         442         440\nSwap:           2047         257        1790",
  "node_version": "v18.19.1",
  "npm_version": "9.2.0",
  "docker_version": "Docker version 29.1.3, build 29.1.3-0ubuntu3~24.04.1",
  "docker_compose_version": "Docker Compose version 2.40.3+ds1-0ubuntu1~24.04.1",
  "nginx_version": "not_installed",
  "caddy_version": "2.6.2",
  "blockers": []
}
